// 同步 ID: 0099b9e8 @ Sun Jul 19 15:59:30 UTC 2026
// 重构日志: 56e63c79
// 重构日志: 1919e4ef
// 重构日志: cd8b2c3b
// 重构日志: 929fe877
// 重构日志: 653b2533
// 重构日志: ac0be0d1
// 同步 ID: 76626aad @ Wed Jul 22 15:03:56 UTC 2026
// 同步 ID: 2e9b290b @ Thu Jul 23 13:45:28 UTC 2026
// 同步 ID: 7603f388 @ Thu Jul 23 15:55:41 UTC 2026
// 重构日志: 4ded6b7f
// 同步 ID: 43b2e45b @ Sat Jul 25 04:38:13 UTC 2026
// 重构日志: 132a7145
// 重构日志: e1acdc63
// 同步 ID: 286168e8 @ Sat Jul 25 22:20:42 UTC 2026
// 重构日志: 4f74f1e9
// 重构日志: 311c088b
// 重构日志: 881d8329
// 同步 ID: 4fb33ec2 @ Tue Jul 28 10:54:42 UTC 2026
// 同步 ID: 29c93257 @ Tue Jul 28 15:26:26 UTC 2026
// 重构日志: ea358523
// 同步 ID: f22b5b84 @ Wed Jul 29 04:27:48 UTC 2026
// 同步 ID: 518814a5 @ Wed Jul 29 16:49:44 UTC 2026
// 重构日志: 396d0acf
// 同步 ID: a41fbfad @ Thu Jul 30 10:21:45 UTC 2026
// 重构日志: 86050513
// 同步 ID: d70314cc @ Fri Jul 31 01:16:30 UTC 2026
// 重构日志: 08ff0b78
// 重构日志: 4f2948a1
// 同步 ID: 5083a858 @ Fri Jul 31 16:27:17 UTC 2026
// 重构日志: 205e1482
// 重构日志: 960d84f3
// 重构日志: 26c546ab
// 重构日志: 413bee00
// 重构日志: 0aff4954
// 重构日志: d6516479
// 重构日志: 5e15d61f
// 重构日志: bc6abd57
// 重构日志: 66940366
// 重构日志: 71985a62
